[0;34m[VERSION][0m Current version: 0.5.5
[0;32m[INFO][0m Auto-incrementing patch version...
v0.5.6
[0;34m[VERSION][0m New version: 0.5.6
[0;32m[INFO][0m Committing version bump...
[main cbe5566] chore: bump version to 0.5.6
 2 files changed, 3 insertions(+), 3 deletions(-)
[0;32m[INFO][0m ==========================================
[0;32m[INFO][0m Docker Build Configuration
[0;32m[INFO][0m ==========================================
[0;32m[INFO][0m Image Name: spectrity-frontend
[0;32m[INFO][0m Version: 0.5.6
[0;32m[INFO][0m Platform: linux/amd64
[0;32m[INFO][0m Git Commit: cbe5566
[0;32m[INFO][0m Build Date: 2025-12-15T18:21:10Z
[0;32m[INFO][0m ==========================================
[0;32m[INFO][0m Checking Docker Hub authentication...
[1;33m[WARNING][0m Not logged in to Docker Hub. Attempting login...
Authenticating with existing credentials... [Username: satishkvk]

 Info -> To login with a different account, run 'docker logout' followed by 'docker login'


Login Succeeded
[0;32m[INFO][0m Building Docker image for linux/amd64...
#0 building with "multiplatform" instance using docker-container driver

#1 [internal] load build definition from Dockerfile
#1 transferring dockerfile: 1.69kB done
#1 WARN: FromPlatformFlagConstDisallowed: FROM --platform flag should not use constant value "linux/amd64" (line 2)
#1 WARN: FromPlatformFlagConstDisallowed: FROM --platform flag should not use constant value "linux/amd64" (line 15)
#1 WARN: FromPlatformFlagConstDisallowed: FROM --platform flag should not use constant value "linux/amd64" (line 31)
#1 DONE 0.0s

#2 [internal] load metadata for docker.io/library/node:20-alpine
#2 ...

#3 [auth] library/node:pull token for registry-1.docker.io
#3 DONE 0.0s

#2 [internal] load metadata for docker.io/library/node:20-alpine
#2 DONE 4.6s

#4 [internal] load .dockerignore
#4 transferring context: 759B done
#4 DONE 0.0s

#5 [deps 1/5] FROM docker.io/library/node:20-alpine@sha256:643e7036aa985317ebfee460005e322aa550c6b6883000d01daefb58689a58e2
#5 resolve docker.io/library/node:20-alpine@sha256:643e7036aa985317ebfee460005e322aa550c6b6883000d01daefb58689a58e2 done
#5 DONE 0.0s

#6 [internal] load build context
#6 transferring context: 322.68kB 0.0s done
#6 DONE 0.0s

#7 [deps 2/5] WORKDIR /app
#7 CACHED

#8 [deps 3/5] RUN apk add --no-cache libc6-compat
#8 CACHED

#9 [deps 4/5] COPY package*.json ./
#9 DONE 0.0s

#10 [deps 5/5] RUN npm ci
#10 2.875 npm warn deprecated sourcemap-codec@1.4.8: Please use @jridgewell/sourcemap-codec instead
#10 3.703 npm warn deprecated inflight@1.0.6: This module is not supported, and leaks memory. Do not use it. Check out lru-cache if you want a good and tested way to coalesce async requests by a key value, which is much more comprehensive and powerful.
#10 3.730 npm warn deprecated glob@7.2.3: Glob versions prior to v9 are no longer supported
#10 6.428 npm warn deprecated source-map@0.8.0-beta.0: The work that was done in this beta branch won't be included in future versions
#10 6.453 npm warn deprecated source-map@0.8.0-beta.0: The work that was done in this beta branch won't be included in future versions
#10 16.93 
#10 16.93 added 503 packages, and audited 504 packages in 16s
#10 16.93 
#10 16.93 115 packages are looking for funding
#10 16.93   run `npm fund` for details
#10 16.98 
#10 16.98 2 vulnerabilities (1 moderate, 1 critical)
#10 16.98 
#10 16.98 To address issues that do not require attention, run:
#10 16.98   npm audit fix
#10 16.98 
#10 16.98 To address all issues, run:
#10 16.98   npm audit fix --force
#10 16.98 
#10 16.98 Run `npm audit` for details.
#10 16.98 npm notice
#10 16.98 npm notice New major version of npm available! 10.8.2 -> 11.7.0
#10 16.98 npm notice Changelog: https://github.com/npm/cli/releases/tag/v11.7.0
#10 16.98 npm notice To update run: npm install -g npm@11.7.0
#10 16.98 npm notice
#10 DONE 17.1s

#7 [deps 2/5] WORKDIR /app
#7 CACHED

#11 [builder 3/5] COPY --from=deps /app/node_modules ./node_modules
#11 DONE 4.2s

#12 [builder 4/5] COPY . .
#12 DONE 0.1s

#13 [builder 5/5] RUN npm run build
#13 0.909 
#13 0.909 > spectrity_insta_frontend@0.5.6 build
#13 0.909 > next build --turbopack
#13 0.909 
#13 2.879    ▲ Next.js 15.5.4 (Turbopack)
#13 2.879 
#13 2.932    Creating an optimized production build ...
#13 14.09  ✓ Finished writing to disk in 14ms
#13 14.11  ✓ Compiled successfully in 9.5s
#13 14.11    Linting and checking validity of types ...
#13 22.48    Collecting page data ...
#13 23.56    Generating static pages (0/16) ...
#13 24.53    Generating static pages (4/16) 
#13 24.53    Generating static pages (8/16) 
#13 24.64    Generating static pages (12/16) 
#13 24.64  ✓ Generating static pages (16/16)
#13 27.00    Finalizing page optimization ...
#13 27.00    Collecting build traces ...
#13 35.41 
#13 35.42 Route (app)                         Size  First Load JS
#13 35.42 ┌ ○ /                            36.8 kB         186 kB
#13 35.42 ├ ○ /_not-found                      0 B         139 kB
#13 35.42 ├ ○ /auth-test                   2.58 kB         142 kB
#13 35.42 ├ ○ /auth/callback               4.63 kB         154 kB
#13 35.42 ├ ○ /dashboard                   5.07 kB         154 kB
#13 35.42 ├ ○ /forgot-password             5.49 kB         155 kB
#13 35.42 ├ ○ /login                       10.5 kB         160 kB
#13 35.42 ├ ○ /register                    6.74 kB         156 kB
#13 35.42 ├ ○ /resend-verification         5.41 kB         155 kB
#13 35.42 ├ ○ /reset-password               5.8 kB         155 kB
#13 35.42 ├ ○ /settings                    3.59 kB         153 kB
#13 35.42 ├ ○ /verify-email                4.73 kB         154 kB
#13 35.42 └ ○ /verify-email-pending        4.14 kB         153 kB
#13 35.42 + First Load JS shared by all     154 kB
#13 35.42   ├ chunks/150316a471952cee.js   59.2 kB
#13 35.42   ├ chunks/2008ffcf9e5b170c.js     13 kB
#13 35.42   ├ chunks/8082ab48faca5ea1.js   17.2 kB
#13 35.42   ├ chunks/b464f5e303ee62a6.js   23.1 kB
#13 35.42   ├ chunks/68f1e9aee698fe84.css    15 kB
#13 35.42   └ other shared chunks (total)  27.1 kB
#13 35.42 
#13 35.42 
#13 35.42 ○  (Static)  prerendered as static content
#13 35.42 
#13 35.46 npm notice
#13 35.46 npm notice New major version of npm available! 10.8.2 -> 11.7.0
#13 35.46 npm notice Changelog: https://github.com/npm/cli/releases/tag/v11.7.0
#13 35.46 npm notice To update run: npm install -g npm@11.7.0
#13 35.46 npm notice
#13 DONE 35.7s

#14 [runner  5/10] COPY --from=builder /app/next.config.ts ./
#14 CACHED

#15 [runner  3/10] RUN apk add --no-cache libc6-compat
#15 CACHED

#16 [runner  4/10] RUN addgroup --system --gid 1001 nodejs &&     adduser --system --uid 1001 nextjs
#16 CACHED

#17 [runner  6/10] COPY --from=builder /app/public ./public
#17 CACHED

#18 [runner  7/10] COPY --from=builder /app/.next ./.next
#18 DONE 0.1s

#19 [runner  8/10] COPY --from=builder /app/node_modules ./node_modules
#19 DONE 2.3s

#20 [runner  9/10] COPY --from=builder /app/package.json ./package.json
#20 DONE 0.1s

#21 [runner 10/10] RUN chown -R nextjs:nodejs /app
#21 DONE 14.7s

#22 exporting to docker image format
#22 exporting layers
#22 exporting layers 16.9s done
#22 exporting manifest sha256:d090ede66b93f72cd55b9bfa8d7f92034b321637fd33ed3509c535dfe114b4ef done
#22 exporting config sha256:3c2cc0d79045db1fe1c127545b0c54cbf87670faa38d90465b60791efe65f154 done
#22 sending tarball
#22 ...

#23 importing to docker
#23 loading layer 763d3abb53a9 32.77kB / 2.78MB
#23 loading layer 0bb844aa55be 557.06kB / 206.41MB
#23 loading layer 0bb844aa55be 149.85MB / 206.41MB 2.2s
#23 loading layer 0bb844aa55be 169.90MB / 206.41MB 4.2s
#23 loading layer 7fdb94f94a10 611B / 611B
#23 loading layer 854e95309c6b 557.06kB / 209.21MB
#23 loading layer 854e95309c6b 152.63MB / 209.21MB 2.2s
#23 loading layer 854e95309c6b 184.94MB / 209.21MB 4.2s
#23 loading layer 854e95309c6b 208.90MB / 209.21MB 6.2s
#23 loading layer 763d3abb53a9 2.78MB / 2.78MB 13.2s done
#23 loading layer 0bb844aa55be 206.41MB / 206.41MB 12.8s done
#23 loading layer 7fdb94f94a10 611B / 611B 6.5s done
#23 loading layer 854e95309c6b 209.21MB / 209.21MB 6.4s done
#23 DONE 13.2s

#22 exporting to docker image format
#22 sending tarball 17.3s done
#22 DONE 34.3s

 [33m3 warnings found (use docker --debug to expand):
[0m - FromPlatformFlagConstDisallowed: FROM --platform flag should not use constant value "linux/amd64" (line 2)
 - FromPlatformFlagConstDisallowed: FROM --platform flag should not use constant value "linux/amd64" (line 15)
 - FromPlatformFlagConstDisallowed: FROM --platform flag should not use constant value "linux/amd64" (line 31)

View build details: docker-desktop://dashboard/build/multiplatform/multiplatform0/6eg5mu3ncpqji7niesw2g9847
[0;32m[INFO][0m ✅ Docker image built successfully!
[0;32m[INFO][0m Image details:
satishkvk/spectrity-frontend        0.5.6              3c2cc0d79045   34 seconds ago   1.57GB
satishkvk/spectrity-frontend        latest             3c2cc0d79045   34 seconds ago   1.57GB

